// Jest Snapshot v1, https://goo.gl/fbAQLP

exports[`App should render without error 1`] = `
<div>
  <div>
    <button
      aria-label="Login"
      class="MuiButtonBase-root MuiIconButton-root MuiIconButton-edgeEnd"
      tabindex="0"
      type="button"
    >
      <span
        class="MuiIconButton-label"
      >
        <svg
          aria-hidden="true"
          class="MuiSvgIcon-root"
          focusable="false"
          viewBox="0 0 24 24"
        >
          <path
            d="M10.09 15.59L11.5 17l5-5-5-5-1.41 1.41L12.67 11H3v2h9.67l-2.58 2.59zM19 3H5c-1.11 0-2 .9-2 2v4h2V5h14v14H5v-4H3v4c0 1.1.89 2 2 2h14c1.1 0 2-.9 2-2V5c0-1.1-.9-2-2-2z"
          />
        </svg>
      </span>
      <span
        class="MuiTouchRipple-root"
      />
    </button>
    <div
      class="sc-gsTCUz hHKidQ open"
    >
      <ul
        class="MuiList-root MuiList-padding"
      >
        <div
          aria-disabled="false"
          class="MuiButtonBase-root MuiListItem-root sc-dlfnbm ApxIJ MuiListItem-gutters MuiListItem-button"
          role="button"
          tabindex="0"
        >
          <div
            class="MuiListItemText-root"
          >
            <span
              class="MuiTypography-root MuiListItemText-primary MuiTypography-body1 MuiTypography-displayBlock"
            >
              LOG IN
            </span>
          </div>
          <span
            class="MuiTouchRipple-root"
          />
        </div>
        <div
          aria-disabled="false"
          class="MuiButtonBase-root MuiListItem-root sc-dlfnbm ApxIJ MuiListItem-gutters MuiListItem-button"
          role="button"
          tabindex="0"
        >
          <div
            class="MuiListItemText-root"
          >
            <span
              class="MuiTypography-root MuiListItemText-primary MuiTypography-body1 MuiTypography-displayBlock"
            >
              SIGN UP
            </span>
          </div>
          <span
            class="MuiTouchRipple-root"
          />
        </div>
        <div
          aria-disabled="false"
          class="MuiButtonBase-root MuiListItem-root sc-dlfnbm ApxIJ MuiListItem-gutters MuiListItem-button"
          role="button"
          tabindex="0"
        >
          <div
            class="MuiListItemText-root"
          >
            <span
              class="MuiTypography-root MuiListItemText-primary MuiTypography-body1 MuiTypography-displayBlock"
            >
              LOGIN AS GUEST
            </span>
          </div>
          <span
            class="MuiTouchRipple-root"
          />
        </div>
      </ul>
    </div>
  </div>
</div>
`;
